===============================================
 lambda =  0.100E-05
 not converged
 |
 |-- Residual Errors
 | L1 Regular. (prim) = 0.365E-03
 |             (dual) = 0.257E-05
 | x >= 0      (prim) = 0.417E-02
 |             (dual) = 0.242E-05
 |
 |-- Target Quantities
 | || y'-Sx' ||_2     = 0.518E-02
 | ||   x'   ||_1     = 0.293E+00
 |
 |-- Penalty Parameters
 | for L1 Regular.    = 0.100E+01
 | for x >= 0         = 0.100E+01
 |
===============================================
 lambda =  0.158E-05
 not converged
 |
 |-- Residual Errors
 | L1 Regular. (prim) = 0.439E-03
 |             (dual) = 0.841E-06
 | x >= 0      (prim) = 0.309E-02
 |             (dual) = 0.784E-06
 |
 |-- Target Quantities
 | || y'-Sx' ||_2     = 0.521E-02
 | ||   x'   ||_1     = 0.273E+00
 |
 |-- Penalty Parameters
 | for L1 Regular.    = 0.100E+01
 | for x >= 0         = 0.100E+01
 |
===============================================
 lambda =  0.251E-05
 not converged
 |
 |-- Residual Errors
 | L1 Regular. (prim) = 0.344E-03
 |             (dual) = 0.210E-04
 | x >= 0      (prim) = 0.247E-02
 |             (dual) = 0.190E-04
 |
 |-- Target Quantities
 | || y'-Sx' ||_2     = 0.523E-02
 | ||   x'   ||_1     = 0.248E+00
 |
 |-- Penalty Parameters
 | for L1 Regular.    = 0.100E+01
 | for x >= 0         = 0.100E+01
 |
===============================================
 lambda =  0.398E-05
 not converged
 |
 |-- Residual Errors
 | L1 Regular. (prim) = 0.266E-03
 |             (dual) = 0.290E-05
 | x >= 0      (prim) = 0.189E-02
 |             (dual) = 0.286E-05
 |
 |-- Target Quantities
 | || y'-Sx' ||_2     = 0.526E-02
 | ||   x'   ||_1     = 0.229E+00
 |
 |-- Penalty Parameters
 | for L1 Regular.    = 0.100E+01
 | for x >= 0         = 0.100E+01
 |
===============================================
 lambda =  0.631E-05
 not converged
 |
 |-- Residual Errors
 | L1 Regular. (prim) = 0.201E-03
 |             (dual) = 0.566E-06
 | x >= 0      (prim) = 0.144E-02
 |             (dual) = 0.560E-06
 |
 |-- Target Quantities
 | || y'-Sx' ||_2     = 0.530E-02
 | ||   x'   ||_1     = 0.194E+00
 |
 |-- Penalty Parameters
 | for L1 Regular.    = 0.100E+01
 | for x >= 0         = 0.100E+01
 |
===============================================
 lambda =  0.100E-04
 not converged
 |
 |-- Residual Errors
 | L1 Regular. (prim) = 0.284E-03
 |             (dual) = 0.386E-05
 | x >= 0      (prim) = 0.105E-02
 |             (dual) = 0.372E-05
 |
 |-- Target Quantities
 | || y'-Sx' ||_2     = 0.535E-02
 | ||   x'   ||_1     = 0.173E+00
 |
 |-- Penalty Parameters
 | for L1 Regular.    = 0.100E+01
 | for x >= 0         = 0.100E+01
 |
===============================================
 lambda =  0.158E-04
 not converged
 |
 |-- Residual Errors
 | L1 Regular. (prim) = 0.203E-03
 |             (dual) = 0.367E-06
 | x >= 0      (prim) = 0.573E-03
 |             (dual) = 0.363E-06
 |
 |-- Target Quantities
 | || y'-Sx' ||_2     = 0.544E-02
 | ||   x'   ||_1     = 0.138E+00
 |
 |-- Penalty Parameters
 | for L1 Regular.    = 0.100E+01
 | for x >= 0         = 0.100E+01
 |
===============================================
 lambda =  0.251E-04
 not converged
 |
 |-- Residual Errors
 | L1 Regular. (prim) = 0.145E-03
 |             (dual) = 0.350E-07
 | x >= 0      (prim) = 0.242E-03
 |             (dual) = 0.341E-07
 |
 |-- Target Quantities
 | || y'-Sx' ||_2     = 0.552E-02
 | ||   x'   ||_1     = 0.118E+00
 |
 |-- Penalty Parameters
 | for L1 Regular.    = 0.100E+01
 | for x >= 0         = 0.100E+01
 |
===============================================
 lambda =  0.398E-04
 not converged
 |
 |-- Residual Errors
 | L1 Regular. (prim) = 0.107E-03
 |             (dual) = 0.414E-07
 | x >= 0      (prim) = 0.182E-03
 |             (dual) = 0.403E-07
 |
 |-- Target Quantities
 | || y'-Sx' ||_2     = 0.554E-02
 | ||   x'   ||_1     = 0.113E+00
 |
 |-- Penalty Parameters
 | for L1 Regular.    = 0.100E+01
 | for x >= 0         = 0.100E+01
 |
===============================================
 lambda =  0.631E-04
 not converged
 |
 |-- Residual Errors
 | L1 Regular. (prim) = 0.709E-04
 |             (dual) = 0.369E-07
 | x >= 0      (prim) = 0.956E-04
 |             (dual) = 0.350E-07
 |
 |-- Target Quantities
 | || y'-Sx' ||_2     = 0.561E-02
 | ||   x'   ||_1     = 0.106E+00
 |
 |-- Penalty Parameters
 | for L1 Regular.    = 0.100E+01
 | for x >= 0         = 0.100E+01
 |
===============================================
 lambda =  0.100E-03
 not converged
 |
 |-- Residual Errors
 | L1 Regular. (prim) = 0.111E-03
 |             (dual) = 0.345E-07
 | x >= 0      (prim) = 0.165E-03
 |             (dual) = 0.332E-07
 |
 |-- Target Quantities
 | || y'-Sx' ||_2     = 0.569E-02
 | ||   x'   ||_1     = 0.100E+00
 |
 |-- Penalty Parameters
 | for L1 Regular.    = 0.100E+01
 | for x >= 0         = 0.100E+01
 |
===============================================
 lambda =  0.158E-03
 not converged
 |
 |-- Residual Errors
 | L1 Regular. (prim) = 0.841E-04
 |             (dual) = 0.223E-06
 | x >= 0      (prim) = 0.273E-03
 |             (dual) = 0.222E-06
 |
 |-- Target Quantities
 | || y'-Sx' ||_2     = 0.579E-02
 | ||   x'   ||_1     = 0.955E-01
 |
 |-- Penalty Parameters
 | for L1 Regular.    = 0.100E+01
 | for x >= 0         = 0.100E+01
 |
===============================================
 lambda =  0.251E-03
 not converged
 |
 |-- Residual Errors
 | L1 Regular. (prim) = 0.886E-04
 |             (dual) = 0.206E-06
 | x >= 0      (prim) = 0.300E-03
 |             (dual) = 0.205E-06
 |
 |-- Target Quantities
 | || y'-Sx' ||_2     = 0.587E-02
 | ||   x'   ||_1     = 0.930E-01
 |
 |-- Penalty Parameters
 | for L1 Regular.    = 0.100E+01
 | for x >= 0         = 0.100E+01
 |
===============================================
 lambda =  0.398E-03
 not converged
 |
 |-- Residual Errors
 | L1 Regular. (prim) = 0.993E-04
 |             (dual) = 0.358E-06
 | x >= 0      (prim) = 0.331E-03
 |             (dual) = 0.356E-06
 |
 |-- Target Quantities
 | || y'-Sx' ||_2     = 0.589E-02
 | ||   x'   ||_1     = 0.924E-01
 |
 |-- Penalty Parameters
 | for L1 Regular.    = 0.100E+01
 | for x >= 0         = 0.100E+01
 |
===============================================
 lambda =  0.631E-03
 not converged
 |
 |-- Residual Errors
 | L1 Regular. (prim) = 0.147E-03
 |             (dual) = 0.835E-07
 | x >= 0      (prim) = 0.315E-03
 |             (dual) = 0.789E-07
 |
 |-- Target Quantities
 | || y'-Sx' ||_2     = 0.594E-02
 | ||   x'   ||_1     = 0.921E-01
 |
 |-- Penalty Parameters
 | for L1 Regular.    = 0.100E+01
 | for x >= 0         = 0.100E+01
 |
===============================================
 lambda =  0.100E-02
 not converged
 |
 |-- Residual Errors
 | L1 Regular. (prim) = 0.156E-03
 |             (dual) = 0.797E-07
 | x >= 0      (prim) = 0.289E-03
 |             (dual) = 0.748E-07
 |
 |-- Target Quantities
 | || y'-Sx' ||_2     = 0.606E-02
 | ||   x'   ||_1     = 0.915E-01
 |
 |-- Penalty Parameters
 | for L1 Regular.    = 0.100E+01
 | for x >= 0         = 0.100E+01
 |
===============================================
 lambda =  0.158E-02
 not converged
 |
 |-- Residual Errors
 | L1 Regular. (prim) = 0.128E-03
 |             (dual) = 0.122E-06
 | x >= 0      (prim) = 0.224E-03
 |             (dual) = 0.115E-06
 |
 |-- Target Quantities
 | || y'-Sx' ||_2     = 0.625E-02
 | ||   x'   ||_1     = 0.907E-01
 |
 |-- Penalty Parameters
 | for L1 Regular.    = 0.100E+01
 | for x >= 0         = 0.100E+01
 |
===============================================
 lambda =  0.251E-02
 not converged
 |
 |-- Residual Errors
 | L1 Regular. (prim) = 0.822E-04
 |             (dual) = 0.702E-04
 | x >= 0      (prim) = 0.188E-03
 |             (dual) = 0.696E-04
 |
 |-- Target Quantities
 | || y'-Sx' ||_2     = 0.663E-02
 | ||   x'   ||_1     = 0.893E-01
 |
 |-- Penalty Parameters
 | for L1 Regular.    = 0.100E+01
 | for x >= 0         = 0.100E+01
 |
===============================================
 lambda =  0.398E-02
 not converged
 |
 |-- Residual Errors
 | L1 Regular. (prim) = 0.185E-03
 |             (dual) = 0.132E-06
 | x >= 0      (prim) = 0.251E-03
 |             (dual) = 0.131E-06
 |
 |-- Target Quantities
 | || y'-Sx' ||_2     = 0.727E-02
 | ||   x'   ||_1     = 0.876E-01
 |
 |-- Penalty Parameters
 | for L1 Regular.    = 0.100E+01
 | for x >= 0         = 0.100E+01
 |
===============================================
 lambda =  0.631E-02
 not converged
 |
 |-- Residual Errors
 | L1 Regular. (prim) = 0.163E-03
 |             (dual) = 0.140E-06
 | x >= 0      (prim) = 0.184E-03
 |             (dual) = 0.139E-06
 |
 |-- Target Quantities
 | || y'-Sx' ||_2     = 0.781E-02
 | ||   x'   ||_1     = 0.870E-01
 |
 |-- Penalty Parameters
 | for L1 Regular.    = 0.100E+01
 | for x >= 0         = 0.100E+01
 |
===============================================
 lambda =  0.100E-01
 not converged
 |
 |-- Residual Errors
 | L1 Regular. (prim) = 0.122E-03
 |             (dual) = 0.141E-06
 | x >= 0      (prim) = 0.130E-03
 |             (dual) = 0.141E-06
 |
 |-- Target Quantities
 | || y'-Sx' ||_2     = 0.830E-02
 | ||   x'   ||_1     = 0.867E-01
 |
 |-- Penalty Parameters
 | for L1 Regular.    = 0.100E+01
 | for x >= 0         = 0.100E+01
 |
===============================================
 lambda =  0.158E-01
 not converged
 |
 |-- Residual Errors
 | L1 Regular. (prim) = 0.103E-03
 |             (dual) = 0.373E-08
 | x >= 0      (prim) = 0.103E-03
 |             (dual) = 0.563E-08
 |
 |-- Target Quantities
 | || y'-Sx' ||_2     = 0.898E-02
 | ||   x'   ||_1     = 0.863E-01
 |
 |-- Penalty Parameters
 | for L1 Regular.    = 0.100E+01
 | for x >= 0         = 0.100E+01
 |
===============================================
 lambda =  0.251E-01
 not converged
 |
 |-- Residual Errors
 | L1 Regular. (prim) = 0.835E-04
 |             (dual) = 0.458E-08
 | x >= 0      (prim) = 0.836E-04
 |             (dual) = 0.533E-08
 |
 |-- Target Quantities
 | || y'-Sx' ||_2     = 0.103E-01
 | ||   x'   ||_1     = 0.857E-01
 |
 |-- Penalty Parameters
 | for L1 Regular.    = 0.100E+01
 | for x >= 0         = 0.100E+01
 |
===============================================
 lambda =  0.398E-01
 not converged
 |
 |-- Residual Errors
 | L1 Regular. (prim) = 0.607E-04
 |             (dual) = 0.339E-08
 | x >= 0      (prim) = 0.614E-04
 |             (dual) = 0.365E-08
 |
 |-- Target Quantities
 | || y'-Sx' ||_2     = 0.129E-01
 | ||   x'   ||_1     = 0.847E-01
 |
 |-- Penalty Parameters
 | for L1 Regular.    = 0.100E+01
 | for x >= 0         = 0.100E+01
 |
===============================================
 lambda =  0.631E-01
 not converged
 |
 |-- Residual Errors
 | L1 Regular. (prim) = 0.380E-04
 |             (dual) = 0.249E-08
 | x >= 0      (prim) = 0.436E-04
 |             (dual) = 0.264E-08
 |
 |-- Target Quantities
 | || y'-Sx' ||_2     = 0.176E-01
 | ||   x'   ||_1     = 0.832E-01
 |
 |-- Penalty Parameters
 | for L1 Regular.    = 0.100E+01
 | for x >= 0         = 0.100E+01
 |
===============================================
 lambda =  0.100E+00
 not converged
 |
 |-- Residual Errors
 | L1 Regular. (prim) = 0.371E-04
 |             (dual) = 0.105E-07
 | x >= 0      (prim) = 0.513E-04
 |             (dual) = 0.106E-07
 |
 |-- Target Quantities
 | || y'-Sx' ||_2     = 0.254E-01
 | ||   x'   ||_1     = 0.812E-01
 |
 |-- Penalty Parameters
 | for L1 Regular.    = 0.100E+01
 | for x >= 0         = 0.100E+01
 |
===============================================
 lambda =  0.158E+00
 not converged
 |
 |-- Residual Errors
 | L1 Regular. (prim) = 0.306E-04
 |             (dual) = 0.344E-06
 | x >= 0      (prim) = 0.462E-04
 |             (dual) = 0.344E-06
 |
 |-- Target Quantities
 | || y'-Sx' ||_2     = 0.379E-01
 | ||   x'   ||_1     = 0.781E-01
 |
 |-- Penalty Parameters
 | for L1 Regular.    = 0.100E+01
 | for x >= 0         = 0.100E+01
 |
===============================================
 lambda =  0.251E+00
 not converged
 |
 |-- Residual Errors
 | L1 Regular. (prim) = 0.489E-04
 |             (dual) = 0.296E-07
 | x >= 0      (prim) = 0.714E-04
 |             (dual) = 0.296E-07
 |
 |-- Target Quantities
 | || y'-Sx' ||_2     = 0.579E-01
 | ||   x'   ||_1     = 0.735E-01
 |
 |-- Penalty Parameters
 | for L1 Regular.    = 0.100E+01
 | for x >= 0         = 0.100E+01
 |
===============================================
 lambda =  0.398E+00
 not converged
 |
 |-- Residual Errors
 | L1 Regular. (prim) = 0.105E-03
 |             (dual) = 0.779E-07
 | x >= 0      (prim) = 0.121E-03
 |             (dual) = 0.233E-06
 |
 |-- Target Quantities
 | || y'-Sx' ||_2     = 0.783E-01
 | ||   x'   ||_1     = 0.689E-01
 |
 |-- Penalty Parameters
 | for L1 Regular.    = 0.100E+01
 | for x >= 0         = 0.100E+01
 |
===============================================
 lambda =  0.631E+00
 not converged
 |
 |-- Residual Errors
 | L1 Regular. (prim) = 0.290E-04
 |             (dual) = 0.303E-07
 | x >= 0      (prim) = 0.334E-04
 |             (dual) = 0.302E-07
 |
 |-- Target Quantities
 | || y'-Sx' ||_2     = 0.856E-01
 | ||   x'   ||_1     = 0.676E-01
 |
 |-- Penalty Parameters
 | for L1 Regular.    = 0.100E+01
 | for x >= 0         = 0.100E+01
 |
===============================================
 lambda =  0.100E+01
 converged
 |
 |-- Residual Errors
 | L1 Regular. (prim) = 0.707E-05
 |             (dual) = 0.000E+00
 | x >= 0      (prim) = 0.000E+00
 |             (dual) = 0.253E-08
 |
 |-- Target Quantities
 | || y'-Sx' ||_2     = 0.123E+00
 | ||   x'   ||_1     = 0.629E-01
 |
 |-- Penalty Parameters
 | for L1 Regular.    = 0.100E+01
 | for x >= 0         = 0.100E+01
 |
===============================================
 lambda =  0.158E+01
 converged
 |
 |-- Residual Errors
 | L1 Regular. (prim) = 0.707E-05
 |             (dual) = 0.000E+00
 | x >= 0      (prim) = 0.000E+00
 |             (dual) = 0.401E-08
 |
 |-- Target Quantities
 | || y'-Sx' ||_2     = 0.162E+00
 | ||   x'   ||_1     = 0.582E-01
 |
 |-- Penalty Parameters
 | for L1 Regular.    = 0.100E+01
 | for x >= 0         = 0.100E+01
 |
===============================================
 lambda =  0.251E+01
 converged
 |
 |-- Residual Errors
 | L1 Regular. (prim) = 0.707E-05
 |             (dual) = 0.000E+00
 | x >= 0      (prim) = 0.000E+00
 |             (dual) = 0.635E-08
 |
 |-- Target Quantities
 | || y'-Sx' ||_2     = 0.197E+00
 | ||   x'   ||_1     = 0.551E-01
 |
 |-- Penalty Parameters
 | for L1 Regular.    = 0.100E+01
 | for x >= 0         = 0.100E+01
 |
===============================================
 lambda =  0.398E+01
 converged
 |
 |-- Residual Errors
 | L1 Regular. (prim) = 0.707E-05
 |             (dual) = 0.460E-08
 | x >= 0      (prim) = 0.000E+00
 |             (dual) = 0.219E-07
 |
 |-- Target Quantities
 | || y'-Sx' ||_2     = 0.233E+00
 | ||   x'   ||_1     = 0.526E-01
 |
 |-- Penalty Parameters
 | for L1 Regular.    = 0.100E+01
 | for x >= 0         = 0.100E+01
 |
===============================================
 lambda =  0.631E+01
 converged
 |
 |-- Residual Errors
 | L1 Regular. (prim) = 0.704E-05
 |             (dual) = 0.181E-07
 | x >= 0      (prim) = 0.000E+00
 |             (dual) = 0.782E-07
 |
 |-- Target Quantities
 | || y'-Sx' ||_2     = 0.281E+00
 | ||   x'   ||_1     = 0.502E-01
 |
 |-- Penalty Parameters
 | for L1 Regular.    = 0.100E+01
 | for x >= 0         = 0.100E+01
 |
===============================================
 lambda =  0.100E+02
 converged
 |
 |-- Residual Errors
 | L1 Regular. (prim) = 0.705E-05
 |             (dual) = 0.132E-07
 | x >= 0      (prim) = 0.000E+00
 |             (dual) = 0.319E-07
 |
 |-- Target Quantities
 | || y'-Sx' ||_2     = 0.331E+00
 | ||   x'   ||_1     = 0.481E-01
 |
 |-- Penalty Parameters
 | for L1 Regular.    = 0.100E+01
 | for x >= 0         = 0.100E+01
 |
===============================================
 lambda =  0.158E+02
 converged
 |
 |-- Residual Errors
 | L1 Regular. (prim) = 0.707E-05
 |             (dual) = 0.210E-07
 | x >= 0      (prim) = 0.000E+00
 |             (dual) = 0.507E-07
 |
 |-- Target Quantities
 | || y'-Sx' ||_2     = 0.331E+00
 | ||   x'   ||_1     = 0.481E-01
 |
 |-- Penalty Parameters
 | for L1 Regular.    = 0.100E+01
 | for x >= 0         = 0.100E+01
 |
===============================================
 lambda =  0.251E+02
 converged
 |
 |-- Residual Errors
 | L1 Regular. (prim) = 0.703E-05
 |             (dual) = 0.332E-07
 | x >= 0      (prim) = 0.000E+00
 |             (dual) = 0.800E-07
 |
 |-- Target Quantities
 | || y'-Sx' ||_2     = 0.331E+00
 | ||   x'   ||_1     = 0.481E-01
 |
 |-- Penalty Parameters
 | for L1 Regular.    = 0.100E+01
 | for x >= 0         = 0.100E+01
 |
===============================================
 lambda =  0.398E+02
 converged
 |
 |-- Residual Errors
 | L1 Regular. (prim) = 0.702E-05
 |             (dual) = 0.525E-07
 | x >= 0      (prim) = 0.000E+00
 |             (dual) = 0.127E-06
 |
 |-- Target Quantities
 | || y'-Sx' ||_2     = 0.331E+00
 | ||   x'   ||_1     = 0.481E-01
 |
 |-- Penalty Parameters
 | for L1 Regular.    = 0.100E+01
 | for x >= 0         = 0.100E+01
 |
===============================================
 lambda =  0.631E+02
 converged
 |
 |-- Residual Errors
 | L1 Regular. (prim) = 0.696E-05
 |             (dual) = 0.826E-07
 | x >= 0      (prim) = 0.000E+00
 |             (dual) = 0.199E-06
 |
 |-- Target Quantities
 | || y'-Sx' ||_2     = 0.332E+00
 | ||   x'   ||_1     = 0.481E-01
 |
 |-- Penalty Parameters
 | for L1 Regular.    = 0.100E+01
 | for x >= 0         = 0.100E+01
 |
===============================================
 lambda =  0.100E+03
 converged
 |
 |-- Residual Errors
 | L1 Regular. (prim) = 0.692E-05
 |             (dual) = 0.131E-06
 | x >= 0      (prim) = 0.000E+00
 |             (dual) = 0.314E-06
 |
 |-- Target Quantities
 | || y'-Sx' ||_2     = 0.332E+00
 | ||   x'   ||_1     = 0.481E-01
 |
 |-- Penalty Parameters
 | for L1 Regular.    = 0.100E+01
 | for x >= 0         = 0.100E+01
 |
